aaaaa 1
aaaab 1
aaaac 1
aaaad 1
aaaae 1
aaaaf 1
aaaag 1
aaaah 1
aaaai 1
aaaaj 1
aaaba 1
aaabb 1
aaabc 1
aaabd 1
aaabe 1
aaabf 1
aaabg 1
aaabh 1
aaabi 1
aaabj 1
aaaca 1
aaacb 1
aaacc 1
aaacd 1
aaace 1
aaacf 1
aaacg 1
aaach 1
aaaci 1
aaacj 1
aaada 1
aaadb 1
aaadc 1
aaadd 1
aaade 1
aaadf 1
aaadg 1
aaadh 1
aaadi 1
aaadj 1
aaaea 1
aaaeb 1
aaaec 1
aaaed 1
aaaee 1
aaaef 1
aaaeg 1
aaaeh 1
aaaei 1
aaaej 1
aaafa 1
aaafb 1
aaafc 1
aaafd 1
aaafe 1
aaaff 1
aaafg 1
aaafh 1
aaafi 1
aaafj 1
aaaga 1
aaagb 1
aaagc 1
aaagd 1
aaage 1
aaagf 1
aaagg 1
aaagh 1
aaagi 1
aaagj 1
aaaha 1
aaahb 1
aaahc 1
aaahd 1
aaahe 1
aaahf 1
aaahg 1
aaahh 1
aaahi 1
aaahj 1
aaaia 1
aaaib 1
aaaic 1
aaaid 1
aaaie 1
aaaif 1
aaaig 1
aaaih 1
aaaii 1
aaaij 1
aaaja 1
aaajb 1
aaajc 1
aaajd 1
aaaje 1
aaajf 1
aaajg 1
aaajh 1
aaaji 1
aaajj 1
