d 2200
v 2136
g 1486
o 1476
bfcdanuqlkkjblw 803
ruilfqyupsuxk 792
qvgnzctfu 788
nrwxabhrsx 786
hiq 779
qa 775
vooxswzhgwro 775
ofq 774
wvvo 773
ixzohleyq 770
beceagliowwdih 767
hvffse 767
uyvned 766
qtxvezsgjvvjkok 765
wupsz 765
sidfj 764
tzhlxsddjh 762
rwao 761
kdyccebd 759
qyafuh 758
cjryecygx 757
mmopwykuclbpxki 756
ztiofatrszra 756
epouumunbt 754
wxiarwzpksuczo 754
kvgmkfglaits 753
n 753
fxguowbxuvuo 752
yjesr 751
had 750
bigmeq 749
j 748
pm 748
wfykqfyerlrn 748
bya 746
ov 746
apxhdvqsgqwbkxh 745
pgrbw 744
lbiv 743
xtgqbeeyrfze 743
adz 742
ovctigywiwrcfr 742
rb 742
ctpuuwlybuabb 741
ymyrrxetzpxdz 741
amxpnxmatgphe 740
edxqj 740
qacul 740
u 739
afjnsgbqzggp 738
kmqedc 738
nquwfucafsgvhnq 738
zebdezctyh 738
cxedrmg 737
pdtpbqj 737
pjvvhpecktsj 737
cvaoflsspeputv 736
fsttudcy 736
lwfanbsadpj 736
mk 736
vhymdjfztkyshl 736
xoxtfvrrbqmxuqv 736
yjhkzl 736
cegumip 735
svfanl 734
vo 734
ftuvg 733
pmelbk 733
xqisriyp 733
zjndscqmtyjds 731
hcl 730
tcbfjfybfy 730
ygeemrb 730
yqbaoq 730
hnpiodspq 729
ocawh 729
urkddldspi 729
mpyfxseukkaqq 728
pvnrpkgpw 728
qnpifjawrgvbg 728
ylkeobyuwqcn 728
mvzutwhxgtz 727
ljoptqzilpht 726
xkrw 726
dy 725
f 725
gcqaeiozl 725
vjdnvbgrvds 725
bylptvlupdrm 723
pov 723
owfksi 722
inf 721
xqzxvwxh 721
