g 1361
mfqwaie 725
fgypurrbsnf 723
ubnfwyl 722
txqzomngwkl 720
umnk 715
lbyxdm 714
p 713
rgeccwmidrcmzv 713
exxoiizglnkcik 712
gcxjpbhcjdpelq 711
sdrbagpoemenen 711
weacdxqt 711
umtqvvtcmw 708
ytqhmk 708
bbgmwnfrdgvsn 707
geiohhwnpgdb 706
k 704
vahuqwdyoquz 704
zjeknzxfivfizkp 704
bgotkvfw 703
iexrrvpvm 703
tti 703
vmcdylzsxhv 701
jgxzt 700
krnnpcwsptkgrs 700
gbsgqqhv 699
hr 699
qekhedxz 699
cl 698
lqcyatebxytggc 698
lrtomkvlnwtfto 698
xujdvfsujaypfhe 698
yrqwircpri 698
fbzcb 697
usthbxca 697
wfvkyqmxuon 697
eveqwtjkl 696
hwco 696
mta 696
ptc 696
bpkunrofaqr 695
cabtuvclhe 695
en 695
fkztlrdqpu 695
iqll 695
fjru 694
llcx 694
wuzcalecctu 694
afpzoj 693
db 693
kfrpvbwf 693
mmxqbzqbl 693
uusmayhtmwmklib 693
dpfbgnyerxubni 692
lrsiyaw 692
pkihduzhchjpnhq 691
qqldq 691
ucshidq 691
xdrm 691
jnafagbhmp 690
qpphq 690
tkalirrst 690
f 689
jxnpmbtz 689
lizcylesps 689
pjbhyd 689
txkdykxxdot 689
bwvwhp 688
d 688
tz 688
zbpgrmtakfzybuk 688
