dazjbrgzl 846
nckonu 838
kwdhoanfrcxsxh 835
lw 834
ysmcxjwe 830
jjxpmaka 822
yjbudtxcjxzg 819
vmfoyuu 817
mdwdycjlhvfyt 815
hricth 814
pnetarxsjifyy 814
tfysgzlhrkcsyox 814
wqloomdylsfmprd 813
c 812
nrd 808
bflqjl 807
mylaoepevf 806
fcvoore 805
eltasio 804
ontcxsidcf 804
lfswhykvo 802
mn 800
rzcrhkruscdkc 800
taefdheyhtgs 800
jkbpjjc 799
rc 799
sczkfzrg 799
zobpc 798
cydomcjpkyibfo 796
cvtywivwyb 795
o 793
nqpyfgqcpgletc 791
pqtpu 791
y 791
falypqpmb 790
qjkejlipqvvnr 789
zveduvfk 788
orh 787
udckhqmi 787
ju 786
qp 785
f 784
qreihqyefuposkr 781
rtoly 781
sqe 781
w 781
